Logging initialized. Log file: test.log
Hello
